{"_type":"SystemEvent","eventId":"test","source":"CSW.TestPublisher","eventName":"SimpleEvent","eventTime":"1970-01-01T00:00:00Z","paramSet":[{"DoubleKey":{"keyName":"DoubleValue","values":[1.1,2.2,3.3],"units":"arcmin"}},{"StringKey":{"keyName":"StringValue","values":["one"],"units":"NoUnits"}},{"ChoiceKey":{"keyName":"ChoiceValue","values":["choice1"],"units":"NoUnits"}}]}
{"_type":"SystemEvent","eventId":"test","source":"CSW.TestPublisher","eventName":"UtcTimeEvent","eventTime":"1970-01-01T00:00:00Z","paramSet":[{"UTCTimeKey":{"keyName":"utcTimeValue","values":["2021-06-30T15:28:13.372333847Z"],"units":"NoUnits"}}]}
{"_type":"SystemEvent","eventId":"test","source":"CSW.TestPublisher","eventName":"TaiTimeEvent","eventTime":"1970-01-01T00:00:00Z","paramSet":[{"TAITimeKey":{"keyName":"taiTimeValue","values":["2021-06-30T15:29:40.763689367Z"],"units":"NoUnits"}}]}
{"_type":"SystemEvent","eventId":"test","source":"CSW.TestPublisher","eventName":"IntArrayMatrixEvent","eventTime":"1970-01-01T00:00:00Z","paramSet":[{"IntKey":{"keyName":"IntValue","values":[42,43],"units":"arcsec"}},{"IntArrayKey":{"keyName":"IntArrayValue","values":[[1,2,3,4],[3,4,5,6]],"units":"arcsec"}},{"IntMatrixKey":{"keyName":"IntMatrixValue","values":[[[1,2,3,4],[3,4,5,6]],[[11,-22,33,-44],[33,-44,-55,66]]],"units":"arcsec"}}]}
{"_type":"SystemEvent","eventId":"test","source":"CSW.TestPublisher","eventName":"DoubleArrayMatrtixEvent","eventTime":"1970-01-01T00:00:00Z","paramSet":[{"DoubleKey":{"keyName":"DoubleValue","values":[42.1,43.5],"units":"arcsec"}},{"DoubleArrayKey":{"keyName":"DoubleArrayValue","values":[[1.1,2.2,3.3,4.4],[2.2,3.3,4.4,5.5]],"units":"arcsec"}},{"DoubleMatrixKey":{"keyName":"DoubleMatrixValue","values":[[[1.3,2.4,3.5,4.6],[2.4,3.5,4.6,5.7]],[[11.1,-22.2,33.3,-44.4],[-22.2,33.3,-44.4,-55.5]]],"units":"arcsec"}}]}
{"_type":"SystemEvent","eventId":"test","source":"CSW.TestPublisher","eventName":"EqCoordsEvent","eventTime":"1970-01-01T00:00:00Z","paramSet":[{"CoordKey":{"keyName":"CoordParam","values":[{"_type":"EqCoord","tag":"BASE","ra":659912250000,"dec":-109892300000,"frame":"FK5","catalogName":"none","pm":{"pmx":0.5,"pmy":2.3299999237060547}},{"_type":"EqCoord","tag":"TARGET","ra":649912250000,"dec":-129892300000,"frame":"FK5","catalogName":"none","pm":{"pmx":0.4000000059604645,"pmy":2.0999999046325684}}],"units":"NoUnits"}}]}
{"_type":"SystemEvent","eventId":"test","source":"CSW.TestPublisher","eventName":"SolarSystemCoordsEvent","eventTime":"1970-01-01T00:00:00Z","paramSet":[{"CoordKey":{"keyName":"CoordParam","values":[{"_type":"SolarSystemCoord","tag":"BASE","body":"Venus"},{"_type":"SolarSystemCoord","tag":"TARGET","body":"Venus"}],"units":"NoUnits"}}]}
{"_type":"SystemEvent","eventId":"test","source":"CSW.TestPublisher","eventName":"MinorPlanetCoordEvent","eventTime":"1970-01-01T00:00:00Z","paramSet":[{"CoordKey":{"keyName":"CoordParam","values":[{"_type":"MinorPlanetCoord","tag":"GUIDER1","epoch":2000.0,"inclination":324000000000,"longAscendingNode":7200000000,"argOfPerihelion":360000000000,"meanDistance":1.4,"eccentricity":0.234,"meanAnomaly":792000000000}],"units":"NoUnits"}}]}
{"_type":"SystemEvent","eventId":"test","source":"CSW.TestPublisher","eventName":"CometCoordEvent","eventTime":"1970-01-01T00:00:00Z","paramSet":[{"CoordKey":{"keyName":"CoordParam","values":[{"_type":"CometCoord","tag":"BASE","epochOfPerihelion":2000.0,"inclination":324000000000,"longAscendingNode":7200000000,"argOfPerihelion":360000000000,"perihelionDistance":1.4,"eccentricity":0.234}],"units":"NoUnits"}}]}
{"_type":"SystemEvent","eventId":"test","source":"CSW.TestPublisher","eventName":"AltAzCoordEvent","eventTime":"1970-01-01T00:00:00Z","paramSet":[{"CoordKey":{"keyName":"CoordParam","values":[{"_type":"AltAzCoord","tag":"BASE","alt":1083600000000,"az":153000000000}],"units":"NoUnits"}}]}
{"_type":"SystemEvent","eventId":"test","source":"CSW.TestPublisher","eventName":"StructEvent","eventTime":"1970-01-01T00:00:00Z","paramSet":[{"StructKey":{"keyName":"structEventValues","values":[{"paramSet":[{"DoubleKey":{"keyName":"doubleEventValues","values":[1.1,2.2,3.3],"units":"arcmin"}},{"IntKey":{"keyName":"intEventValues","values":[1,2,3],"units":"arcmin"}}]}],"units":"NoUnits"}}]}
